
build_log.txt:37:./gradlew : e: 
file:///C:/Users/corad/OneDrive/Document
build_log.txt:45:    + CategoryInfo          : 
NotSpecified: (e: file:/ 
build_log.txt:50:e: 
file:///C:/Users/corad/OneDrive/Documentos/GitHub/sk
build_log.txt:55:e: 
file:///C:/Users/corad/OneDrive/Documentos/GitHub/sk
build_log.txt:60:e: 
file:///C:/Users/corad/OneDrive/Documentos/GitHub/sk
build_log.txt:66:e: 
file:///C:/Users/corad/OneDrive/Documentos/GitHub/sk
build_log.txt:73:e: 
file:///C:/Users/corad/OneDrive/Documentos/GitHub/sk
build_log.txt:77:e: 
file:///C:/Users/corad/OneDrive/Documentos/GitHub/sk
build_log.txt:81:e: 
file:///C:/Users/corad/OneDrive/Documentos/GitHub/sk
build_log.txt:85:e: 
file:///C:/Users/corad/OneDrive/Documentos/GitHub/sk
build_log.txt:91:e: 
file:///C:/Users/corad/OneDrive/Documentos/GitHub/sk
build_log.txt:98:e: 
file:///C:/Users/corad/OneDrive/Documentos/GitHub/sk
build_log.txt:102:e: 
file:///C:/Users/corad/OneDrive/Documentos/GitHub/sk
build_log.txt:106:e: 
file:///C:/Users/corad/OneDrive/Documentos/GitHub/sk
build_log.txt:110:e: 
file:///C:/Users/corad/OneDrive/Documentos/GitHub/sk
build_log.txt:115:e: 
file:///C:/Users/corad/OneDrive/Documentos/GitHub/sk
build_log.txt:120:e: 
file:///C:/Users/corad/OneDrive/Documentos/GitHub/sk
build_log.txt:126:e: 
file:///C:/Users/corad/OneDrive/Documentos/GitHub/sk
build_log.txt:133:FAILURE: Build failed with an 
exception.


